Command line:
   full_adder_tb_isim_beh.exe
     -simmode  gui
     -simrunnum  0
     -socket  43228

Fri Sep 18 14:03:13 2026


 Elaboration Time: 0.03 sec

 Current Memory Usage: 216.281 Meg

 Total Signals          : 20
 Total Nets             : 18
 Total Signal Drivers   : 10
 Total Blocks           : 3
 Total Primitive Blocks : 2
 Total Processes        : 12
 Total Traceable Variables  : 21
 Total Scalar Nets and Variables : 101
Total Line Count : 26

 Total Simulation Time: 0.03 sec

 Current Memory Usage: 292.835 Meg

Fri Sep 18 14:17:47 2026

